
Intel ACPI Component Architecture
ASL Optimizing Compiler version 20140214-64 [Mar 29 2014]
Copyright (c) 2000 - 2014 Intel Corporation

Compilation of "ssdt-tpm.dsl.i" - Wed May 17 19:45:04 2017

       2:  /* ACPI_EXTRACT_ALL_CODE ssdt_tpm_aml */
       4:  DefinitionBlock (
       5:      "ssdt-tpm.aml",
       6:      "SSDT",
       7:      0x01,
       8:      "BXPC",
       9:      "BXSSDT",
      10:      0x1
      11:      )

00000000:  53 53 44 54 5D 00 00 00     "SSDT]..."
00000008:  01 1E 42 58 50 43 00 00     "..BXPC.."
00000010:  42 58 53 53 44 54 00 00     "BXSSDT.."
00000018:  01 00 00 00 49 4E 54 4C     "....INTL"
00000020:  14 02 14 20 ............    "... "

      12:  {
      13:      Scope(\_SB) {

00000024:  10 38 5C 5F 53 42 5F ...    ".8\_SB_"

      14:          Device (TPM) {

0000002B:  5B 82 30 54 50 4D 5F ...    "[.0TPM_"

      15:              Name (_HID, EisaID ("PNP0C31"))

00000032:  08 5F 48 49 44 0C 41 D0     "._HID.A."
0000003A:  0C 31 ..................    ".1"

      16:              Name (_CRS, ResourceTemplate ()

0000003C:  08 5F 43 52 53 11 11 0A     "._CRS..."
00000044:  0E .....................    "."

      17:              {
      18:                  Memory32Fixed (ReadWrite, 0xFED40000, 0x5000)

00000045:  86 09 00 01 00 00 D4 FE     "........"
0000004D:  00 50 00 00 ............    ".P.."
00000051:  79 00 ..................    "y."

      19:              })
      20:              Method (_STA, 0, NotSerialized) {

00000053:  14 09 5F 53 54 41 00 ...    ".._STA."

      21:                  Return (0x0F)

0000005A:  A4 0A 0F ...............    "..."
      22:              }
      23:          }
      24:      }
      25:  }



Summary of errors and warnings


ASL Optimizing Compiler version 20140214-64 [Mar 29 2014]

ASL Input:     ssdt-tpm.dsl.i - 26 lines, 473 bytes, 6 keywords
AML Output:    ssdt-tpm.aml - 93 bytes, 5 named objects, 1 executable opcodes
Listing File:  ssdt-tpm.lst - 1939 bytes
Hex Dump:      ssdt-tpm.hex - 222 bytes

Compilation complete. 0 Errors, 0 Warnings, 0 Remarks, 0 Optimizations

